[classroom-1203.firebaseapp.com/index.html]
[backblue.gif]
[fade.gif]
[index.html]
[classroom-1203.firebaseapp.com/assets/img/favicon.png]
[classroom-1203.firebaseapp.com/assets/img/apple-touch-icon.png]
[classroom-1203.firebaseapp.com/assets/vendor/bootstrap/css/bootstrap.min.css]
[classroom-1203.firebaseapp.com/assets/vendor/icofont/icofont.min.css]
[classroom-1203.firebaseapp.com/assets/vendor/remixicon/remixicon.css]
[classroom-1203.firebaseapp.com/assets/vendor/boxicons/css/boxicons.min.css]
[classroom-1203.firebaseapp.com/assets/vendor/owl.carousel/assets/owl.carousel.min.css]
[classroom-1203.firebaseapp.com/assets/vendor/venobox/venobox.css]
[classroom-1203.firebaseapp.com/assets/vendor/aos/aos.css]
[classroom-1203.firebaseapp.com/assets/css/style.css]
[classroom-1203.firebaseapp.com/index-2.html]
[classroom-1203.firebaseapp.com/transparent.html]
[classroom-1203.firebaseapp.com/assets/img/clients/good_shepherd.png]
[classroom-1203.firebaseapp.com/brochure_classroom.pdf]
[classroom-1203.firebaseapp.com/assets/img/clients/surbhi.png]
[classroom-1203.firebaseapp.com/assets/img/clients/nashik_pranit_vidyalay.png]
[classroom-1203.firebaseapp.com/assets/img/clients/swami_akot_logo.png]
[classroom-1203.firebaseapp.com/assets/img/clients/kids_planet.png]
[classroom-1203.firebaseapp.com/assets/img/clients/diwaliben.png]
[classroom-1203.firebaseapp.com/assets/img/clients/nandura_jangli_maharaj.png]
[classroom-1203.firebaseapp.com/assets/img/clients/the_arrohan.png]
[classroom-1203.firebaseapp.com/assets/img/counts-img.svg]
[classroom-1203.firebaseapp.com/assets/img/icons/noticeboard.png]
[classroom-1203.firebaseapp.com/assets/img/icons/homework.png]
[classroom-1203.firebaseapp.com/assets/img/icons/assessment.png]
[classroom-1203.firebaseapp.com/assets/img/icons/video_meeting.png]
[classroom-1203.firebaseapp.com/assets/img/icons/students.png]
[classroom-1203.firebaseapp.com/assets/img/icons/bustrack.png]
[classroom-1203.firebaseapp.com/assets/img/icons/video-recording.png]
[classroom-1203.firebaseapp.com/assets/img/icons/nointernet.svg]
[classroom-1203.firebaseapp.com/assets/img/portfolio/Image_1.jpg]
[classroom-1203.firebaseapp.com/assets/img/portfolio/Image_2.jpg]
[classroom-1203.firebaseapp.com/assets/img/portfolio/Image_3.jpg]
[classroom-1203.firebaseapp.com/assets/img/portfolio/Image_4.jpg]
[classroom-1203.firebaseapp.com/assets/img/team/akshay_CEO.jpg]
[classroom-1203.firebaseapp.com/assets/img/team/darshan_coo.jpg]
[classroom-1203.firebaseapp.com/assets/img/team/Amrut_CTO.jpg]
[classroom-1203.firebaseapp.com/assets/vendor/jquery/jquery.min.js]
[classroom-1203.firebaseapp.com/assets/vendor/bootstrap/js/bootstrap.bundle.min.js]
[classroom-1203.firebaseapp.com/assets/vendor/jquery.easing/jquery.easing.min.js]
[classroom-1203.firebaseapp.com/assets/vendor/php-email-form/validate.js]
[classroom-1203.firebaseapp.com/assets/vendor/waypoints/jquery.waypoints.min.js]
[classroom-1203.firebaseapp.com/assets/vendor/counterup/counterup.min.js]
[classroom-1203.firebaseapp.com/assets/vendor/owl.carousel/owl.carousel.min.js]
[classroom-1203.firebaseapp.com/assets/vendor/isotope-layout/isotope.pkgd.min.js]
[classroom-1203.firebaseapp.com/assets/vendor/venobox/venobox.min.js]
[classroom-1203.firebaseapp.com/assets/vendor/aos/aos.js]
[classroom-1203.firebaseapp.com/assets/js/main.js]
[classroom-1203.firebaseapp.com/index.html]
[classroom-1203.firebaseapp.com/assets/vendor/bootstrap/css/bootstrap.min.css]
[classroom-1203.firebaseapp.com/assets/vendor/icofont/fonts/icofont.woff2]
[classroom-1203.firebaseapp.com/assets/vendor/icofont/icofont.min.css]
[classroom-1203.firebaseapp.com/assets/vendor/icofont/fonts/icofont.woff]
[classroom-1203.firebaseapp.com/assets/vendor/remixicon/remixicondf6d.eot]
[classroom-1203.firebaseapp.com/assets/vendor/remixicon/remixicondf6d.woff2]
[classroom-1203.firebaseapp.com/assets/vendor/remixicon/remixicondf6d.woff]
[classroom-1203.firebaseapp.com/assets/vendor/remixicon/remixicondf6d.ttf]
[classroom-1203.firebaseapp.com/assets/vendor/remixicon/remixicon.css]
[classroom-1203.firebaseapp.com/assets/vendor/remixicon/remixicondf6d.svg]
[classroom-1203.firebaseapp.com/assets/vendor/boxicons/fonts/boxicons.eot]
[classroom-1203.firebaseapp.com/assets/vendor/boxicons/fonts/boxicons.woff2]
[classroom-1203.firebaseapp.com/assets/vendor/boxicons/fonts/boxicons.woff]
[classroom-1203.firebaseapp.com/assets/vendor/boxicons/fonts/boxicons.ttf]
[classroom-1203.firebaseapp.com/assets/vendor/boxicons/css/boxicons.min.css]
[classroom-1203.firebaseapp.com/assets/vendor/boxicons/fonts/boxiconsd41d.svg]
[classroom-1203.firebaseapp.com/assets/vendor/owl.carousel/assets/owl.video.play.png]
[classroom-1203.firebaseapp.com/assets/vendor/owl.carousel/assets/owl.carousel.min.css]
[classroom-1203.firebaseapp.com/assets/vendor/venobox/venobox.css]
[classroom-1203.firebaseapp.com/assets/vendor/aos/aos.css]
[classroom-1203.firebaseapp.com/assets/css/style.css]
[classroom-1203.firebaseapp.com/index-2.html]
[classroom-1203.firebaseapp.com/transparent.html]
[classroom-1203.firebaseapp.com/assets/img/counts-img.svg]
[classroom-1203.firebaseapp.com/assets/img/icons/nointernet.svg]
[classroom-1203.firebaseapp.com/assets/vendor/remixicon/remixicondf6d.svg]
[classroom-1203.firebaseapp.com/assets/vendor/boxicons/fonts/boxiconsd41d.svg]
